C:\Users\ATHARV VATS\AppData\Local\Programs\Python\Python311\pattern.py
C:\Users\ATHARV VATS\AppData\Local\Programs\Python\Python311\check.py
C:\Users\ATHARV VATS\AppData\Local\Programs\Python\Python311\map.py
C:\Users\ATHARV VATS\AppData\Local\Programs\Python\Python311\fibonacci.py
C:\Users\ATHARV VATS\Desktop\fibonacci.py
C:\Users\ATHARV VATS\Downloads\A35 - Binary Search.py
C:\Users\ATHARV VATS\AppData\Local\Programs\Python\Python311\error.py
C:\Users\ATHARV VATS\Desktop\atharv vats A20.py
C:\Users\ATHARV VATS\AppData\Local\Programs\Python\Python311\atharv vats A20.py
C:\Users\ATHARV VATS\AppData\Local\Programs\Python\Python311\sorting.py
C:\Users\ATHARV VATS\AppData\Local\Programs\Python\Python311\file1.py
C:\Users\ATHARV VATS\AppData\Local\Programs\Python\Python311\classes.py
C:\Users\ATHARV VATS\Desktop\student.py
C:\Users\ATHARV VATS\AppData\Local\Programs\Python\Python311\woods.py
C:\Users\ATHARV VATS\AppData\Local\Programs\Python\Python311\class1.py
C:\Users\ATHARV VATS\Desktop\inventory.py
C:\Users\ATHARV VATS\Desktop\compare lists.py
C:\Users\ATHARV VATS\AppData\Local\Programs\Python\Python311\FLATTEN.py
C:\Users\ATHARV VATS\Desktop\pangrams.py
C:\Users\ATHARV VATS\Desktop\FLATTEN.py
C:\Users\ATHARV VATS\AppData\Local\Programs\Python\Python311\denominations.py
